[INFO] Scanning for projects...
[INFO] 
[INFO] ---------------------< Freelance:com.projectSetup >---------------------
[INFO] Building com.projectSetup 0.0.1-SNAPSHOT
[INFO]   from pom.xml
[INFO] --------------------------------[ jar ]---------------------------------
[INFO] 
[INFO] --- resources:3.3.1:resources (default-resources) @ com.projectSetup ---
[INFO] skip non existing resourceDirectory D:\Programming\Java\Selenium testing workspace\Freelance\Bangla_Shashya_Bima_v1.1.0.1\src\main\resources
[INFO] 
[INFO] --- compiler:3.13.0:compile (default-compile) @ com.projectSetup ---
[INFO] Nothing to compile - all classes are up to date.
[INFO] 
[INFO] --- resources:3.3.1:testResources (default-testResources) @ com.projectSetup ---
[INFO] skip non existing resourceDirectory D:\Programming\Java\Selenium testing workspace\Freelance\Bangla_Shashya_Bima_v1.1.0.1\src\test\resources
[INFO] 
[INFO] --- compiler:3.13.0:testCompile (default-testCompile) @ com.projectSetup ---
[INFO] Nothing to compile - all classes are up to date.
[INFO] 
[INFO] --- surefire:3.3.0:test (default-test) @ com.projectSetup ---
[INFO] ------------------------------------------------------------------------
[INFO] BUILD SUCCESS
[INFO] ------------------------------------------------------------------------
[INFO] Total time:  3.651 s
[INFO] Finished at: 2026-06-18T19:42:36+05:30
[INFO] ------------------------------------------------------------------------
